C:\Program Files\dotnet\sdk\10.0.302\Microsoft.Common.CurrentVersion.targets(5397,5): warning MSB3026: 无法将“C:\Users\Kee\Desktop\PartySchoolApi\PartySchoolApi\obj\Debug\net8.0\apphost.exe”复制到“bin\Debug\net8.0\PartySchoolApi.exe”。1000 毫秒后将开始第 1 次重试。The process cannot access the file 'C:\Users\Kee\Desktop\PartySchoolApi\PartySchoolApi\bin\Debug\net8.0\PartySchoolApi.exe' because it is being used by another process. 文件被“PartySchoolApi (27524)”锁定。 [C:\Users\Kee\Desktop\PartySchoolApi\PartySchoolApi\PartySchoolApi.csproj]
C:\Program Files\dotnet\sdk\10.0.302\Microsoft.Common.CurrentVersion.targets(5397,5): warning MSB3026: 无法将“C:\Users\Kee\Desktop\PartySchoolApi\PartySchoolApi\obj\Debug\net8.0\apphost.exe”复制到“bin\Debug\net8.0\PartySchoolApi.exe”。1000 毫秒后将开始第 2 次重试。The process cannot access the file 'C:\Users\Kee\Desktop\PartySchoolApi\PartySchoolApi\bin\Debug\net8.0\PartySchoolApi.exe' because it is being used by another process. 文件被“PartySchoolApi (27524)”锁定。 [C:\Users\Kee\Desktop\PartySchoolApi\PartySchoolApi\PartySchoolApi.csproj]
C:\Program Files\dotnet\sdk\10.0.302\Microsoft.Common.CurrentVersion.targets(5397,5): warning MSB3026: 无法将“C:\Users\Kee\Desktop\PartySchoolApi\PartySchoolApi\obj\Debug\net8.0\apphost.exe”复制到“bin\Debug\net8.0\PartySchoolApi.exe”。1000 毫秒后将开始第 3 次重试。The process cannot access the file 'C:\Users\Kee\Desktop\PartySchoolApi\PartySchoolApi\bin\Debug\net8.0\PartySchoolApi.exe' because it is being used by another process. 文件被“PartySchoolApi (27524)”锁定。 [C:\Users\Kee\Desktop\PartySchoolApi\PartySchoolApi\PartySchoolApi.csproj]
C:\Program Files\dotnet\sdk\10.0.302\Microsoft.Common.CurrentVersion.targets(5397,5): warning MSB3026: 无法将“C:\Users\Kee\Desktop\PartySchoolApi\PartySchoolApi\obj\Debug\net8.0\apphost.exe”复制到“bin\Debug\net8.0\PartySchoolApi.exe”。1000 毫秒后将开始第 4 次重试。The process cannot access the file 'C:\Users\Kee\Desktop\PartySchoolApi\PartySchoolApi\bin\Debug\net8.0\PartySchoolApi.exe' because it is being used by another process. 文件被“PartySchoolApi (27524)”锁定。 [C:\Users\Kee\Desktop\PartySchoolApi\PartySchoolApi\PartySchoolApi.csproj]
C:\Program Files\dotnet\sdk\10.0.302\Microsoft.Common.CurrentVersion.targets(5397,5): warning MSB3026: 无法将“C:\Users\Kee\Desktop\PartySchoolApi\PartySchoolApi\obj\Debug\net8.0\apphost.exe”复制到“bin\Debug\net8.0\PartySchoolApi.exe”。1000 毫秒后将开始第 5 次重试。The process cannot access the file 'C:\Users\Kee\Desktop\PartySchoolApi\PartySchoolApi\bin\Debug\net8.0\PartySchoolApi.exe' because it is being used by another process. 文件被“PartySchoolApi (27524)”锁定。 [C:\Users\Kee\Desktop\PartySchoolApi\PartySchoolApi\PartySchoolApi.csproj]
C:\Program Files\dotnet\sdk\10.0.302\Microsoft.Common.CurrentVersion.targets(5397,5): warning MSB3026: 无法将“C:\Users\Kee\Desktop\PartySchoolApi\PartySchoolApi\obj\Debug\net8.0\apphost.exe”复制到“bin\Debug\net8.0\PartySchoolApi.exe”。1000 毫秒后将开始第 6 次重试。The process cannot access the file 'C:\Users\Kee\Desktop\PartySchoolApi\PartySchoolApi\bin\Debug\net8.0\PartySchoolApi.exe' because it is being used by another process. 文件被“PartySchoolApi (27524)”锁定。 [C:\Users\Kee\Desktop\PartySchoolApi\PartySchoolApi\PartySchoolApi.csproj]
C:\Program Files\dotnet\sdk\10.0.302\Microsoft.Common.CurrentVersion.targets(5397,5): warning MSB3026: 无法将“C:\Users\Kee\Desktop\PartySchoolApi\PartySchoolApi\obj\Debug\net8.0\apphost.exe”复制到“bin\Debug\net8.0\PartySchoolApi.exe”。1000 毫秒后将开始第 7 次重试。The process cannot access the file 'C:\Users\Kee\Desktop\PartySchoolApi\PartySchoolApi\bin\Debug\net8.0\PartySchoolApi.exe' because it is being used by another process. 文件被“PartySchoolApi (27524)”锁定。 [C:\Users\Kee\Desktop\PartySchoolApi\PartySchoolApi\PartySchoolApi.csproj]
C:\Program Files\dotnet\sdk\10.0.302\Microsoft.Common.CurrentVersion.targets(5397,5): warning MSB3026: 无法将“C:\Users\Kee\Desktop\PartySchoolApi\PartySchoolApi\obj\Debug\net8.0\apphost.exe”复制到“bin\Debug\net8.0\PartySchoolApi.exe”。1000 毫秒后将开始第 8 次重试。The process cannot access the file 'C:\Users\Kee\Desktop\PartySchoolApi\PartySchoolApi\bin\Debug\net8.0\PartySchoolApi.exe' because it is being used by another process. 文件被“PartySchoolApi (27524)”锁定。 [C:\Users\Kee\Desktop\PartySchoolApi\PartySchoolApi\PartySchoolApi.csproj]
C:\Program Files\dotnet\sdk\10.0.302\Microsoft.Common.CurrentVersion.targets(5397,5): warning MSB3026: 无法将“C:\Users\Kee\Desktop\PartySchoolApi\PartySchoolApi\obj\Debug\net8.0\apphost.exe”复制到“bin\Debug\net8.0\PartySchoolApi.exe”。1000 毫秒后将开始第 9 次重试。The process cannot access the file 'C:\Users\Kee\Desktop\PartySchoolApi\PartySchoolApi\bin\Debug\net8.0\PartySchoolApi.exe' because it is being used by another process. 文件被“PartySchoolApi (27524)”锁定。 [C:\Users\Kee\Desktop\PartySchoolApi\PartySchoolApi\PartySchoolApi.csproj]
C:\Program Files\dotnet\sdk\10.0.302\Microsoft.Common.CurrentVersion.targets(5397,5): warning MSB3026: 无法将“C:\Users\Kee\Desktop\PartySchoolApi\PartySchoolApi\obj\Debug\net8.0\apphost.exe”复制到“bin\Debug\net8.0\PartySchoolApi.exe”。1000 毫秒后将开始第 10 次重试。The process cannot access the file 'C:\Users\Kee\Desktop\PartySchoolApi\PartySchoolApi\bin\Debug\net8.0\PartySchoolApi.exe' because it is being used by another process. 文件被“PartySchoolApi (27524)”锁定。 [C:\Users\Kee\Desktop\PartySchoolApi\PartySchoolApi\PartySchoolApi.csproj]
C:\Program Files\dotnet\sdk\10.0.302\Microsoft.Common.CurrentVersion.targets(5397,5): error MSB3027: 无法将“C:\Users\Kee\Desktop\PartySchoolApi\PartySchoolApi\obj\Debug\net8.0\apphost.exe”复制到“bin\Debug\net8.0\PartySchoolApi.exe”。超出了重试计数 10。失败。文件被“PartySchoolApi (27524)”锁定。 [C:\Users\Kee\Desktop\PartySchoolApi\PartySchoolApi\PartySchoolApi.csproj]
C:\Program Files\dotnet\sdk\10.0.302\Microsoft.Common.CurrentVersion.targets(5397,5): error MSB3021: 无法将文件“C:\Users\Kee\Desktop\PartySchoolApi\PartySchoolApi\obj\Debug\net8.0\apphost.exe”复制到“bin\Debug\net8.0\PartySchoolApi.exe”。The process cannot access the file 'C:\Users\Kee\Desktop\PartySchoolApi\PartySchoolApi\bin\Debug\net8.0\PartySchoolApi.exe' because it is being used by another process. [C:\Users\Kee\Desktop\PartySchoolApi\PartySchoolApi\PartySchoolApi.csproj]

生成失败。

C:\Program Files\dotnet\sdk\10.0.302\Microsoft.Common.CurrentVersion.targets(5397,5): warning MSB3026: 无法将“C:\Users\Kee\Desktop\PartySchoolApi\PartySchoolApi\obj\Debug\net8.0\apphost.exe”复制到“bin\Debug\net8.0\PartySchoolApi.exe”。1000 毫秒后将开始第 1 次重试。The process cannot access the file 'C:\Users\Kee\Desktop\PartySchoolApi\PartySchoolApi\bin\Debug\net8.0\PartySchoolApi.exe' because it is being used by another process. 文件被“PartySchoolApi (27524)”锁定。 [C:\Users\Kee\Desktop\PartySchoolApi\PartySchoolApi\PartySchoolApi.csproj]
C:\Program Files\dotnet\sdk\10.0.302\Microsoft.Common.CurrentVersion.targets(5397,5): warning MSB3026: 无法将“C:\Users\Kee\Desktop\PartySchoolApi\PartySchoolApi\obj\Debug\net8.0\apphost.exe”复制到“bin\Debug\net8.0\PartySchoolApi.exe”。1000 毫秒后将开始第 2 次重试。The process cannot access the file 'C:\Users\Kee\Desktop\PartySchoolApi\PartySchoolApi\bin\Debug\net8.0\PartySchoolApi.exe' because it is being used by another process. 文件被“PartySchoolApi (27524)”锁定。 [C:\Users\Kee\Desktop\PartySchoolApi\PartySchoolApi\PartySchoolApi.csproj]
C:\Program Files\dotnet\sdk\10.0.302\Microsoft.Common.CurrentVersion.targets(5397,5): warning MSB3026: 无法将“C:\Users\Kee\Desktop\PartySchoolApi\PartySchoolApi\obj\Debug\net8.0\apphost.exe”复制到“bin\Debug\net8.0\PartySchoolApi.exe”。1000 毫秒后将开始第 3 次重试。The process cannot access the file 'C:\Users\Kee\Desktop\PartySchoolApi\PartySchoolApi\bin\Debug\net8.0\PartySchoolApi.exe' because it is being used by another process. 文件被“PartySchoolApi (27524)”锁定。 [C:\Users\Kee\Desktop\PartySchoolApi\PartySchoolApi\PartySchoolApi.csproj]
C:\Program Files\dotnet\sdk\10.0.302\Microsoft.Common.CurrentVersion.targets(5397,5): warning MSB3026: 无法将“C:\Users\Kee\Desktop\PartySchoolApi\PartySchoolApi\obj\Debug\net8.0\apphost.exe”复制到“bin\Debug\net8.0\PartySchoolApi.exe”。1000 毫秒后将开始第 4 次重试。The process cannot access the file 'C:\Users\Kee\Desktop\PartySchoolApi\PartySchoolApi\bin\Debug\net8.0\PartySchoolApi.exe' because it is being used by another process. 文件被“PartySchoolApi (27524)”锁定。 [C:\Users\Kee\Desktop\PartySchoolApi\PartySchoolApi\PartySchoolApi.csproj]
C:\Program Files\dotnet\sdk\10.0.302\Microsoft.Common.CurrentVersion.targets(5397,5): warning MSB3026: 无法将“C:\Users\Kee\Desktop\PartySchoolApi\PartySchoolApi\obj\Debug\net8.0\apphost.exe”复制到“bin\Debug\net8.0\PartySchoolApi.exe”。1000 毫秒后将开始第 5 次重试。The process cannot access the file 'C:\Users\Kee\Desktop\PartySchoolApi\PartySchoolApi\bin\Debug\net8.0\PartySchoolApi.exe' because it is being used by another process. 文件被“PartySchoolApi (27524)”锁定。 [C:\Users\Kee\Desktop\PartySchoolApi\PartySchoolApi\PartySchoolApi.csproj]
C:\Program Files\dotnet\sdk\10.0.302\Microsoft.Common.CurrentVersion.targets(5397,5): warning MSB3026: 无法将“C:\Users\Kee\Desktop\PartySchoolApi\PartySchoolApi\obj\Debug\net8.0\apphost.exe”复制到“bin\Debug\net8.0\PartySchoolApi.exe”。1000 毫秒后将开始第 6 次重试。The process cannot access the file 'C:\Users\Kee\Desktop\PartySchoolApi\PartySchoolApi\bin\Debug\net8.0\PartySchoolApi.exe' because it is being used by another process. 文件被“PartySchoolApi (27524)”锁定。 [C:\Users\Kee\Desktop\PartySchoolApi\PartySchoolApi\PartySchoolApi.csproj]
C:\Program Files\dotnet\sdk\10.0.302\Microsoft.Common.CurrentVersion.targets(5397,5): warning MSB3026: 无法将“C:\Users\Kee\Desktop\PartySchoolApi\PartySchoolApi\obj\Debug\net8.0\apphost.exe”复制到“bin\Debug\net8.0\PartySchoolApi.exe”。1000 毫秒后将开始第 7 次重试。The process cannot access the file 'C:\Users\Kee\Desktop\PartySchoolApi\PartySchoolApi\bin\Debug\net8.0\PartySchoolApi.exe' because it is being used by another process. 文件被“PartySchoolApi (27524)”锁定。 [C:\Users\Kee\Desktop\PartySchoolApi\PartySchoolApi\PartySchoolApi.csproj]
C:\Program Files\dotnet\sdk\10.0.302\Microsoft.Common.CurrentVersion.targets(5397,5): warning MSB3026: 无法将“C:\Users\Kee\Desktop\PartySchoolApi\PartySchoolApi\obj\Debug\net8.0\apphost.exe”复制到“bin\Debug\net8.0\PartySchoolApi.exe”。1000 毫秒后将开始第 8 次重试。The process cannot access the file 'C:\Users\Kee\Desktop\PartySchoolApi\PartySchoolApi\bin\Debug\net8.0\PartySchoolApi.exe' because it is being used by another process. 文件被“PartySchoolApi (27524)”锁定。 [C:\Users\Kee\Desktop\PartySchoolApi\PartySchoolApi\PartySchoolApi.csproj]
C:\Program Files\dotnet\sdk\10.0.302\Microsoft.Common.CurrentVersion.targets(5397,5): warning MSB3026: 无法将“C:\Users\Kee\Desktop\PartySchoolApi\PartySchoolApi\obj\Debug\net8.0\apphost.exe”复制到“bin\Debug\net8.0\PartySchoolApi.exe”。1000 毫秒后将开始第 9 次重试。The process cannot access the file 'C:\Users\Kee\Desktop\PartySchoolApi\PartySchoolApi\bin\Debug\net8.0\PartySchoolApi.exe' because it is being used by another process. 文件被“PartySchoolApi (27524)”锁定。 [C:\Users\Kee\Desktop\PartySchoolApi\PartySchoolApi\PartySchoolApi.csproj]
C:\Program Files\dotnet\sdk\10.0.302\Microsoft.Common.CurrentVersion.targets(5397,5): warning MSB3026: 无法将“C:\Users\Kee\Desktop\PartySchoolApi\PartySchoolApi\obj\Debug\net8.0\apphost.exe”复制到“bin\Debug\net8.0\PartySchoolApi.exe”。1000 毫秒后将开始第 10 次重试。The process cannot access the file 'C:\Users\Kee\Desktop\PartySchoolApi\PartySchoolApi\bin\Debug\net8.0\PartySchoolApi.exe' because it is being used by another process. 文件被“PartySchoolApi (27524)”锁定。 [C:\Users\Kee\Desktop\PartySchoolApi\PartySchoolApi\PartySchoolApi.csproj]
C:\Program Files\dotnet\sdk\10.0.302\Microsoft.Common.CurrentVersion.targets(5397,5): error MSB3027: 无法将“C:\Users\Kee\Desktop\PartySchoolApi\PartySchoolApi\obj\Debug\net8.0\apphost.exe”复制到“bin\Debug\net8.0\PartySchoolApi.exe”。超出了重试计数 10。失败。文件被“PartySchoolApi (27524)”锁定。 [C:\Users\Kee\Desktop\PartySchoolApi\PartySchoolApi\PartySchoolApi.csproj]
C:\Program Files\dotnet\sdk\10.0.302\Microsoft.Common.CurrentVersion.targets(5397,5): error MSB3021: 无法将文件“C:\Users\Kee\Desktop\PartySchoolApi\PartySchoolApi\obj\Debug\net8.0\apphost.exe”复制到“bin\Debug\net8.0\PartySchoolApi.exe”。The process cannot access the file 'C:\Users\Kee\Desktop\PartySchoolApi\PartySchoolApi\bin\Debug\net8.0\PartySchoolApi.exe' because it is being used by another process. [C:\Users\Kee\Desktop\PartySchoolApi\PartySchoolApi\PartySchoolApi.csproj]
    10 个警告
    2 个错误

已用时间 00:00:15.88
